// Jest Snapshot v1, https://goo.gl/fbAQLP

exports[`accessor accessor object exists 1`] = `
Object {
  "initialiseStore": [Function],
  "resetEmail": [Function],
  "setEmail": [Function],
  "submodule": Object {
    "initialise": [Function],
    "nestedSubmodule": Object {
      "initialise": [Function],
      "setFirstName": [Function],
      "setLastName": [Function],
      "setName": [Function],
    },
    "setFirstName": [Function],
    "setLastName": [Function],
    "setName": [Function],
  },
}
`;

exports[`accessor store exists 1`] = `
Object {
  "actions": Object {
    "resetEmail": [Function],
  },
  "getters": Object {
    "email": [Function],
    "fullEmail": [Function],
  },
  "modules": Object {
    "submodule": Object {
      "actions": Object {
        "initialise": [Function],
        "setName": [Function],
      },
      "getters": Object {
        "fullName": [Function],
      },
      "modules": Object {
        "nestedSubmodule": Object {
          "actions": Object {
            "initialise": [Function],
            "setName": [Function],
          },
          "getters": Object {
            "fullName": [Function],
          },
          "mutations": Object {
            "setFirstName": [Function],
            "setLastName": [Function],
          },
          "namespaced": true,
          "state": [Function],
        },
      },
      "mutations": Object {
        "setFirstName": [Function],
        "setLastName": [Function],
      },
      "namespaced": true,
      "state": [Function],
    },
  },
  "mutations": Object {
    "initialiseStore": [Function],
    "setEmail": [Function],
  },
  "state": [Function],
}
`;
